done 12mp.jpg std jpeg procs=1
done 12mp.jpg std webp procs=1
done 12mp.jpg std jpegli procs=1
done 12mp.jpg jpegli-scaled jpeg procs=1
done 12mp.jpg jpegli-scaled webp procs=1
done 12mp.jpg jpegli-scaled jpegli procs=1
done 12mp.jpg std jpeg procs=8
done 12mp.jpg std webp procs=8
done 12mp.jpg std jpegli procs=8
done 12mp.jpg jpegli-scaled jpeg procs=8
done 12mp.jpg jpegli-scaled webp procs=8
done 12mp.jpg jpegli-scaled jpegli procs=8
done 24mp.jpg std jpeg procs=1
done 24mp.jpg std webp procs=1
done 24mp.jpg std jpegli procs=1
done 24mp.jpg jpegli-scaled jpeg procs=1
done 24mp.jpg jpegli-scaled webp procs=1
done 24mp.jpg jpegli-scaled jpegli procs=1
done 24mp.jpg std jpeg procs=8
done 24mp.jpg std webp procs=8
done 24mp.jpg std jpegli procs=8
done 24mp.jpg jpegli-scaled jpeg procs=8
done 24mp.jpg jpegli-scaled webp procs=8
done 24mp.jpg jpegli-scaled jpegli procs=8
done route.webp std jpeg procs=1
done route.webp std webp procs=1
done route.webp std jpegli procs=1
done route.webp std jpeg procs=8
done route.webp std webp procs=8
done route.webp std jpegli procs=8
